node.exe :  ΓÜá Warning: Next.js inferred your 
workspace root, but it may not be correct.
At line:1 char:1
+ & "C:\Program Files\nodejs/node.exe" "C:\Program 
Files\nodejs/node_mo ...
+ ~~~~~~~~~~~~~~~~~~~~~~~~~~~~~~~~~~~~~~~~~~~~~~~~~~~
~~~~~~~~~~~~~~~~~~
    + CategoryInfo          : NotSpecified: ( ΓÜá Wa 
   rning: N...not be correct.:String) [], RemoteExc  
  eption
    + FullyQualifiedErrorId : NativeCommandError
 
 We detected multiple lockfiles and selected the 
directory of C:\Users\saipa\package-lock.json as the 
root directory.
 To silence this warning, set 
`outputFileTracingRoot` in your Next.js config, or 
consider removing one of the lockfiles if it's not 
needed.
   See https://nextjs.org/docs/app/api-reference/conf
ig/next-config-js/output#caveats for more 
information.
 Detected additional lockfiles: 
   * C:\Users\saipa\OneDrive\Desktop\prompt 
lib\prompt-flow\package-lock.json

   Γû▓ Next.js 15.5.14

   Creating an optimized production build ...
 Γ£ô Compiled successfully in 28.9s
   Linting and checking validity of types ...

Failed to compile.

./src/app/page.tsx
73:15  Error: Do not use an `<a>` element to 
navigate to `/prompts/`. Use `<Link />` from 
`next/link` instead. See: https://nextjs.org/docs/mes
sages/no-html-link-for-pages  
@next/next/no-html-link-for-pages
96:15  Error: Do not use an `<a>` element to 
navigate to `/prompts/`. Use `<Link />` from 
`next/link` instead. See: https://nextjs.org/docs/mes
sages/no-html-link-for-pages  
@next/next/no-html-link-for-pages

./src/app/playground/page.tsx
46:49  Warning: 'filename' is defined but never 
used.  @typescript-eslint/no-unused-vars

./src/app/prompts/[slug]/page.tsx
50:49  Warning: 'filename' is defined but never 
used.  @typescript-eslint/no-unused-vars
119:15  Error: Do not use an `<a>` element to 
navigate to `/prompts/`. Use `<Link />` from 
`next/link` instead. See: https://nextjs.org/docs/mes
sages/no-html-link-for-pages  
@next/next/no-html-link-for-pages

./src/components/layout/Sidebar.tsx
19:9  Warning: 'pathname' is assigned a value but 
never used.  @typescript-eslint/no-unused-vars
34:9  Error: Do not use an `<a>` element to navigate 
to `/`. Use `<Link />` from `next/link` instead. 
See: https://nextjs.org/docs/messages/no-html-link-fo
r-pages  @next/next/no-html-link-for-pages

./src/components/prompt/ContextInjector.tsx
46:6  Warning: React Hook useCallback has a missing 
dependency: 'processFile'. Either include it or 
remove the dependency array.  
react-hooks/exhaustive-deps

./src/components/prompt/CopyButton.tsx
5:10  Warning: 'Copy' is defined but never used.  
@typescript-eslint/no-unused-vars

./src/components/prompt/PromptCard.tsx
15:3  Warning: 'isAuthenticated' is assigned a value 
but never used.  @typescript-eslint/no-unused-vars

info  - Need to disable some ESLint rules? Learn 
more here: https://nextjs.org/docs/app/api-reference/
config/eslint#disabling-rules
