node.exe : npm error 
Missing script: 
"test:deterministic"
At line:1 char:1
+ & "C:\Program 
Files\nodejs/node.exe" 
"C:\Program 
Files\nodejs/node_mo ...
+ ~~~~~~~~~~~~~~~~~~~~~~~~
~~~~~~~~~~~~~~~~~~~~~~~~~~
~~~~~~~~~~~~~~~~~~~
    + CategoryInfo        
      : NotSpecified: (n  
  pm error Missi...:det   
 erministic":String) [    
], RemoteException
    + FullyQualifiedError 
   Id : NativeCommandErr  
  or
 
npm error
npm error To see a list 
of scripts, run:
npm error   npm run
npm error A complete log 
of this run can be found 
in: C:\Users\saipa\AppData
\Local\npm-cache\_logs\202
6-04-04T13_00_50_815Z-debu
g-0.log
